
[Test_run/#00 - 1]
NAME:
   osv-scanner scan - scans projects and container images for dependencies, and checks them against the OSV database.

USAGE:
   osv-scanner scan [command [command options]]

DESCRIPTION:
   scans projects and container images for dependencies, and checks them against the OSV database.

COMMANDS:
   source  scans a source project's dependencies for known vulnerabilities using the OSV database.
   image   detects vulnerabilities in a container image's dependencies, pulling the image if it's not found locally

OPTIONS:
   --help, -h  show help

---

[Test_run/#00 - 2]

---

[Test_run/version - 1]
osv-scanner version: 2.0.3
commit: n/a
built at: n/a

---

[Test_run/version - 2]

---

[Test_run_SubCommands/scan_with_a_flag - 1]
Scanning dir ./fixtures/locks-one-with-nested
Scanned <rootdir>/fixtures/locks-one-with-nested/nested/composer.lock file and found 1 package
Scanned <rootdir>/fixtures/locks-one-with-nested/yarn.lock file and found 1 package
No issues found

---

[Test_run_SubCommands/scan_with_a_flag - 2]
Warning: `scan` exists as both a subcommand of OSV-Scanner and as a file on the filesystem. `scan` is assumed to be a subcommand here. If you intended for `scan` to be an argument to `scan`, you must specify `scan scan` in your command line.

---

[Test_run_SubCommands/with_no_subcommand - 1]
Scanning dir ./fixtures/locks-many/composer.lock
Scanned <rootdir>/fixtures/locks-many/composer.lock file and found 1 package
Loaded filter from: <rootdir>/fixtures/locks-many/osv-scanner.toml
No issues found

---

[Test_run_SubCommands/with_no_subcommand - 2]

---

[Test_run_SubCommands/with_scan_subcommand - 1]
Scanning dir ./fixtures/locks-many/composer.lock
Scanned <rootdir>/fixtures/locks-many/composer.lock file and found 1 package
Loaded filter from: <rootdir>/fixtures/locks-many/osv-scanner.toml
No issues found

---

[Test_run_SubCommands/with_scan_subcommand - 2]
Warning: `scan` exists as both a subcommand of OSV-Scanner and as a file on the filesystem. `scan` is assumed to be a subcommand here. If you intended for `scan` to be an argument to `scan`, you must specify `scan scan` in your command line.

---
