
[TestPrintGHAnnotationReport_WithLicenseViolations/multiple_sources_with_a_mixed_count_of_packages,_no_license_violations - 1]
::error file=path/to/my/first/lockfile::path/to/my/first/lockfile%0A+---------+------------------+------+-----------------+---------------+%0A| PACKAGE | VULNERABILITY ID | CVSS | CURRENT VERSION | FIXED VERSION |%0A+---------+------------------+------+-----------------+---------------+%0A+---------+------------------+------+-----------------+---------------+::error file=path/to/my/second/lockfile::path/to/my/second/lockfile%0A+---------+------------------+------+-----------------+---------------+%0A| PACKAGE | VULNERABILITY ID | CVSS | CURRENT VERSION | FIXED VERSION |%0A+---------+------------------+------+-----------------+---------------+%0A+---------+------------------+------+-----------------+---------------+::error file=path/to/my/third/lockfile::path/to/my/third/lockfile%0A+---------+------------------+------+-----------------+---------------+%0A| PACKAGE | VULNERABILITY ID | CVSS | CURRENT VERSION | FIXED VERSION |%0A+---------+------------------+------+-----------------+---------------+%0A+---------+------------------+------+-----------------+---------------+
---

[TestPrintGHAnnotationReport_WithLicenseViolations/multiple_sources_with_a_mixed_count_of_packages,_some_license_violations - 1]
::error file=path/to/my/first/lockfile::path/to/my/first/lockfile%0A+---------+------------------+------+-----------------+---------------+%0A| PACKAGE | VULNERABILITY ID | CVSS | CURRENT VERSION | FIXED VERSION |%0A+---------+------------------+------+-----------------+---------------+%0A+---------+------------------+------+-----------------+---------------+::error file=path/to/my/second/lockfile::path/to/my/second/lockfile%0A+---------+------------------+------+-----------------+---------------+%0A| PACKAGE | VULNERABILITY ID | CVSS | CURRENT VERSION | FIXED VERSION |%0A+---------+------------------+------+-----------------+---------------+%0A+---------+------------------+------+-----------------+---------------+::error file=path/to/my/third/lockfile::path/to/my/third/lockfile%0A+---------+------------------+------+-----------------+---------------+%0A| PACKAGE | VULNERABILITY ID | CVSS | CURRENT VERSION | FIXED VERSION |%0A+---------+------------------+------+-----------------+---------------+%0A+---------+------------------+------+-----------------+---------------+
---

[TestPrintGHAnnotationReport_WithLicenseViolations/multiple_sources_with_a_mixed_count_of_packages,_some_license_violations#01 - 1]
::error file=path/to/my/first/lockfile::path/to/my/first/lockfile%0A+---------+------------------+------+-----------------+---------------+%0A| PACKAGE | VULNERABILITY ID | CVSS | CURRENT VERSION | FIXED VERSION |%0A+---------+------------------+------+-----------------+---------------+%0A+---------+------------------+------+-----------------+---------------+::error file=path/to/my/second/lockfile::path/to/my/second/lockfile%0A+---------+------------------+------+-----------------+---------------+%0A| PACKAGE | VULNERABILITY ID | CVSS | CURRENT VERSION | FIXED VERSION |%0A+---------+------------------+------+-----------------+---------------+%0A+---------+------------------+------+-----------------+---------------+::error file=path/to/my/third/lockfile::path/to/my/third/lockfile%0A+---------+------------------+------+-----------------+---------------+%0A| PACKAGE | VULNERABILITY ID | CVSS | CURRENT VERSION | FIXED VERSION |%0A+---------+------------------+------+-----------------+---------------+%0A+---------+------------------+------+-----------------+---------------+
---

[TestPrintGHAnnotationReport_WithLicenseViolations/multiple_sources_with_a_mixed_count_of_packages_across_ecosystems,_some_license_violations - 1]
::error file=path/to/my/first/lockfile::path/to/my/first/lockfile%0A+---------+------------------+------+-----------------+---------------+%0A| PACKAGE | VULNERABILITY ID | CVSS | CURRENT VERSION | FIXED VERSION |%0A+---------+------------------+------+-----------------+---------------+%0A+---------+------------------+------+-----------------+---------------+::error file=path/to/my/second/lockfile::path/to/my/second/lockfile%0A+---------+------------------+------+-----------------+---------------+%0A| PACKAGE | VULNERABILITY ID | CVSS | CURRENT VERSION | FIXED VERSION |%0A+---------+------------------+------+-----------------+---------------+%0A+---------+------------------+------+-----------------+---------------+::error file=path/to/my/third/lockfile::path/to/my/third/lockfile%0A+---------+------------------+------+-----------------+---------------+%0A| PACKAGE | VULNERABILITY ID | CVSS | CURRENT VERSION | FIXED VERSION |%0A+---------+------------------+------+-----------------+---------------+%0A+---------+------------------+------+-----------------+---------------+
---

[TestPrintGHAnnotationReport_WithLicenseViolations/multiple_sources_with_a_mixed_count_of_packages_and_groups,_some_license_violations - 1]
::error file=path/to/my/first/lockfile::path/to/my/first/lockfile%0A+---------+------------------+------+-----------------+---------------+%0A| PACKAGE | VULNERABILITY ID | CVSS | CURRENT VERSION | FIXED VERSION |%0A+---------+------------------+------+-----------------+---------------+%0A+---------+------------------+------+-----------------+---------------+::error file=path/to/my/second/lockfile::path/to/my/second/lockfile%0A+---------+------------------+------+-----------------+---------------+%0A| PACKAGE | VULNERABILITY ID | CVSS | CURRENT VERSION | FIXED VERSION |%0A+---------+------------------+------+-----------------+---------------+%0A+---------+------------------+------+-----------------+---------------+::error file=path/to/my/third/lockfile::path/to/my/third/lockfile%0A+---------+------------------+------+-----------------+---------------+%0A| PACKAGE | VULNERABILITY ID | CVSS | CURRENT VERSION | FIXED VERSION |%0A+---------+------------------+------+-----------------+---------------+%0A+---------+------------------+------+-----------------+---------------+
---

[TestPrintGHAnnotationReport_WithLicenseViolations/multiple_sources_with_no_packages - 1]
::error file=path/to/my/first/lockfile::path/to/my/first/lockfile%0A+---------+------------------+------+-----------------+---------------+%0A| PACKAGE | VULNERABILITY ID | CVSS | CURRENT VERSION | FIXED VERSION |%0A+---------+------------------+------+-----------------+---------------+%0A+---------+------------------+------+-----------------+---------------+::error file=path/to/my/second/lockfile::path/to/my/second/lockfile%0A+---------+------------------+------+-----------------+---------------+%0A| PACKAGE | VULNERABILITY ID | CVSS | CURRENT VERSION | FIXED VERSION |%0A+---------+------------------+------+-----------------+---------------+%0A+---------+------------------+------+-----------------+---------------+::error file=path/to/my/third/lockfile::path/to/my/third/lockfile%0A+---------+------------------+------+-----------------+---------------+%0A| PACKAGE | VULNERABILITY ID | CVSS | CURRENT VERSION | FIXED VERSION |%0A+---------+------------------+------+-----------------+---------------+%0A+---------+------------------+------+-----------------+---------------+
---

[TestPrintGHAnnotationReport_WithLicenseViolations/no_sources - 1]

---

[TestPrintGHAnnotationReport_WithLicenseViolations/one_source_with_no_packages - 1]
::error file=path/to/my/first/lockfile::path/to/my/first/lockfile%0A+---------+------------------+------+-----------------+---------------+%0A| PACKAGE | VULNERABILITY ID | CVSS | CURRENT VERSION | FIXED VERSION |%0A+---------+------------------+------+-----------------+---------------+%0A+---------+------------------+------+-----------------+---------------+
---

[TestPrintGHAnnotationReport_WithLicenseViolations/one_source_with_one_package,_no_license_violations - 1]
::error file=path/to/my/first/lockfile::path/to/my/first/lockfile%0A+---------+------------------+------+-----------------+---------------+%0A| PACKAGE | VULNERABILITY ID | CVSS | CURRENT VERSION | FIXED VERSION |%0A+---------+------------------+------+-----------------+---------------+%0A+---------+------------------+------+-----------------+---------------+
---

[TestPrintGHAnnotationReport_WithLicenseViolations/one_source_with_one_package,_no_licenses - 1]
::error file=path/to/my/first/lockfile::path/to/my/first/lockfile%0A+---------+------------------+------+-----------------+---------------+%0A| PACKAGE | VULNERABILITY ID | CVSS | CURRENT VERSION | FIXED VERSION |%0A+---------+------------------+------+-----------------+---------------+%0A+---------+------------------+------+-----------------+---------------+
---

[TestPrintGHAnnotationReport_WithLicenseViolations/one_source_with_one_package_and_an_unknown_license - 1]
::error file=path/to/my/first/lockfile::path/to/my/first/lockfile%0A+---------+------------------+------+-----------------+---------------+%0A| PACKAGE | VULNERABILITY ID | CVSS | CURRENT VERSION | FIXED VERSION |%0A+---------+------------------+------+-----------------+---------------+%0A+---------+------------------+------+-----------------+---------------+
---

[TestPrintGHAnnotationReport_WithLicenseViolations/one_source_with_one_package_and_multiple_license_violations - 1]
::error file=path/to/my/first/lockfile::path/to/my/first/lockfile%0A+---------+------------------+------+-----------------+---------------+%0A| PACKAGE | VULNERABILITY ID | CVSS | CURRENT VERSION | FIXED VERSION |%0A+---------+------------------+------+-----------------+---------------+%0A+---------+------------------+------+-----------------+---------------+
---

[TestPrintGHAnnotationReport_WithLicenseViolations/one_source_with_one_package_and_one_license_violation - 1]
::error file=path/to/my/first/lockfile::path/to/my/first/lockfile%0A+---------+------------------+------+-----------------+---------------+%0A| PACKAGE | VULNERABILITY ID | CVSS | CURRENT VERSION | FIXED VERSION |%0A+---------+------------------+------+-----------------+---------------+%0A+---------+------------------+------+-----------------+---------------+
---

[TestPrintGHAnnotationReport_WithLicenseViolations/one_source_with_one_package_and_one_license_violation_(dev) - 1]
::error file=path/to/my/first/lockfile::path/to/my/first/lockfile%0A+---------+------------------+------+-----------------+---------------+%0A| PACKAGE | VULNERABILITY ID | CVSS | CURRENT VERSION | FIXED VERSION |%0A+---------+------------------+------+-----------------+---------------+%0A+---------+------------------+------+-----------------+---------------+
---

[TestPrintGHAnnotationReport_WithLicenseViolations/two_sources_with_packages,_one_license_violation - 1]
::error file=path/to/my/first/lockfile::path/to/my/first/lockfile%0A+---------+------------------+------+-----------------+---------------+%0A| PACKAGE | VULNERABILITY ID | CVSS | CURRENT VERSION | FIXED VERSION |%0A+---------+------------------+------+-----------------+---------------+%0A+---------+------------------+------+-----------------+---------------+::error file=path/to/my/second/lockfile::path/to/my/second/lockfile%0A+---------+------------------+------+-----------------+---------------+%0A| PACKAGE | VULNERABILITY ID | CVSS | CURRENT VERSION | FIXED VERSION |%0A+---------+------------------+------+-----------------+---------------+%0A+---------+------------------+------+-----------------+---------------+
---

[TestPrintGHAnnotationReport_WithMixedIssues/multiple_sources_with_a_mixed_count_of_packages,_some_called_vulnerabilities_and_license_violations - 1]
::error file=path/to/my/first/lockfile::path/to/my/first/lockfile%0A+---------+-----------------------+------+-----------------+---------------+%0A| PACKAGE | VULNERABILITY ID      | CVSS | CURRENT VERSION | FIXED VERSION |%0A+---------+-----------------------+------+-----------------+---------------+%0A| mine1   | https://osv.dev/OSV-1 |      | 1.2.3           |               |%0A+---------+-----------------------+------+-----------------+---------------+::error file=path/to/my/second/lockfile::path/to/my/second/lockfile%0A+---------+-----------------------+------+-----------------+---------------+%0A| PACKAGE | VULNERABILITY ID      | CVSS | CURRENT VERSION | FIXED VERSION |%0A+---------+-----------------------+------+-----------------+---------------+%0A| mine2   | https://osv.dev/OSV-2 |      | 3.2.5           |               |%0A+---------+-----------------------+------+-----------------+---------------+::error file=path/to/my/third/lockfile::path/to/my/third/lockfile%0A+---------+-----------------------+------+-----------------+---------------+%0A| PACKAGE | VULNERABILITY ID      | CVSS | CURRENT VERSION | FIXED VERSION |%0A+---------+-----------------------+------+-----------------+---------------+%0A| mine1   | https://osv.dev/OSV-1 |      | 1.2.3           |               |%0A+---------+-----------------------+------+-----------------+---------------+
---

[TestPrintGHAnnotationReport_WithMixedIssues/multiple_sources_with_a_mixed_count_of_packages,_some_vulnerabilities_and_license_violations - 1]
::error file=path/to/my/first/lockfile::path/to/my/first/lockfile%0A+---------+-----------------------+------+-----------------+---------------+%0A| PACKAGE | VULNERABILITY ID      | CVSS | CURRENT VERSION | FIXED VERSION |%0A+---------+-----------------------+------+-----------------+---------------+%0A| mine1   | https://osv.dev/OSV-1 |      | 1.2.3           |               |%0A+---------+-----------------------+------+-----------------+---------------+::error file=path/to/my/second/lockfile::path/to/my/second/lockfile%0A+---------+-----------------------+------+-----------------+---------------+%0A| PACKAGE | VULNERABILITY ID      | CVSS | CURRENT VERSION | FIXED VERSION |%0A+---------+-----------------------+------+-----------------+---------------+%0A| mine2   | https://osv.dev/OSV-2 |      | 3.2.5           |               |%0A+---------+-----------------------+------+-----------------+---------------+::error file=path/to/my/third/lockfile::path/to/my/third/lockfile%0A+---------+-----------------------+------+-----------------+---------------+%0A| PACKAGE | VULNERABILITY ID      | CVSS | CURRENT VERSION | FIXED VERSION |%0A+---------+-----------------------+------+-----------------+---------------+%0A| mine1   | https://osv.dev/OSV-1 |      | 1.2.3           |               |%0A+---------+-----------------------+------+-----------------+---------------+
---

[TestPrintGHAnnotationReport_WithMixedIssues/one_source_with_one_package,_one_called_vulnerability,_and_one_license_violation - 1]
::error file=path/to/my/first/lockfile::path/to/my/first/lockfile%0A+---------+-----------------------+------+-----------------+---------------+%0A| PACKAGE | VULNERABILITY ID      | CVSS | CURRENT VERSION | FIXED VERSION |%0A+---------+-----------------------+------+-----------------+---------------+%0A| mine1   | https://osv.dev/OSV-1 |      | 1.2.3           |               |%0A+---------+-----------------------+------+-----------------+---------------+
---

[TestPrintGHAnnotationReport_WithMixedIssues/one_source_with_one_package,_one_uncalled_vulnerability,_and_one_license_violation - 1]
::error file=path/to/my/first/lockfile::path/to/my/first/lockfile%0A+---------+-----------------------+------+-----------------+---------------+%0A| PACKAGE | VULNERABILITY ID      | CVSS | CURRENT VERSION | FIXED VERSION |%0A+---------+-----------------------+------+-----------------+---------------+%0A| mine1   | https://osv.dev/OSV-1 |      | 1.2.3           |               |%0A+---------+-----------------------+------+-----------------+---------------+
---

[TestPrintGHAnnotationReport_WithMixedIssues/one_source_with_one_package,_one_vulnerability,_and_one_license_violation - 1]
::error file=path/to/my/first/lockfile::path/to/my/first/lockfile%0A+---------+-----------------------+------+-----------------+---------------+%0A| PACKAGE | VULNERABILITY ID      | CVSS | CURRENT VERSION | FIXED VERSION |%0A+---------+-----------------------+------+-----------------+---------------+%0A| mine1   | https://osv.dev/OSV-1 |      | 1.2.3           |               |%0A+---------+-----------------------+------+-----------------+---------------+
---

[TestPrintGHAnnotationReport_WithMixedIssues/two_sources_with_packages,_one_vulnerability,_one_license_violation - 1]
::error file=path/to/my/first/lockfile::path/to/my/first/lockfile%0A+---------+-----------------------+------+-----------------+---------------+%0A| PACKAGE | VULNERABILITY ID      | CVSS | CURRENT VERSION | FIXED VERSION |%0A+---------+-----------------------+------+-----------------+---------------+%0A| mine1   | https://osv.dev/OSV-1 |      | 1.2.3           |               |%0A+---------+-----------------------+------+-----------------+---------------+::error file=path/to/my/second/lockfile::path/to/my/second/lockfile%0A+---------+------------------+------+-----------------+---------------+%0A| PACKAGE | VULNERABILITY ID | CVSS | CURRENT VERSION | FIXED VERSION |%0A+---------+------------------+------+-----------------+---------------+%0A+---------+------------------+------+-----------------+---------------+
---

[TestPrintGHAnnotationReport_WithVulnerabilities/multiple_sources_with_a_mixed_count_of_grouped_packages,_and_multiple_vulnerabilities - 1]
::error file=path/to/my/first/lockfile::path/to/my/first/lockfile%0A+---------+-----------------------+------+-----------------+---------------+%0A| PACKAGE | VULNERABILITY ID      | CVSS | CURRENT VERSION | FIXED VERSION |%0A+---------+-----------------------+------+-----------------+---------------+%0A| mine1   | https://osv.dev/OSV-1 |      | 1.2.3           |               |%0A| mine1   | https://osv.dev/OSV-5 |      | 1.2.3           |               |%0A| mine1   | https://osv.dev/OSV-1 |      | 1.2.2           |               |%0A+---------+-----------------------+------+-----------------+---------------+::error file=path/to/my/second/lockfile::path/to/my/second/lockfile%0A+---------+-----------------------+------+-----------------+---------------+%0A| PACKAGE | VULNERABILITY ID      | CVSS | CURRENT VERSION | FIXED VERSION |%0A+---------+-----------------------+------+-----------------+---------------+%0A| mine2   | https://osv.dev/OSV-2 |      | 3.2.5           |               |%0A| mine3   | https://osv.dev/OSV-3 |      | 0.4.1           |               |%0A| mine3   | https://osv.dev/OSV-5 |      | 0.4.1           |               |%0A+---------+-----------------------+------+-----------------+---------------+
---

[TestPrintGHAnnotationReport_WithVulnerabilities/multiple_sources_with_a_mixed_count_of_packages,_and_multiple_vulnerabilities - 1]
::error file=path/to/my/first/lockfile::path/to/my/first/lockfile%0A+---------+-----------------------+------+-----------------+---------------+%0A| PACKAGE | VULNERABILITY ID      | CVSS | CURRENT VERSION | FIXED VERSION |%0A+---------+-----------------------+------+-----------------+---------------+%0A| mine1   | https://osv.dev/OSV-1 |      | 1.2.3           |               |%0A| mine1   | https://osv.dev/OSV-5 |      | 1.2.3           |               |%0A| mine1   | https://osv.dev/OSV-1 |      | 1.2.2           |               |%0A+---------+-----------------------+------+-----------------+---------------+::error file=path/to/my/second/lockfile::path/to/my/second/lockfile%0A+---------+-----------------------+------+-----------------+---------------+%0A| PACKAGE | VULNERABILITY ID      | CVSS | CURRENT VERSION | FIXED VERSION |%0A+---------+-----------------------+------+-----------------+---------------+%0A| mine2   | https://osv.dev/OSV-2 |      | 3.2.5           |               |%0A| mine3   | https://osv.dev/OSV-3 |      | 0.4.1           |               |%0A| mine3   | https://osv.dev/OSV-5 |      | 0.4.1           |               |%0A+---------+-----------------------+------+-----------------+---------------+
---

[TestPrintGHAnnotationReport_WithVulnerabilities/multiple_sources_with_a_mixed_count_of_packages,_no_vulnerabilities - 1]
::error file=path/to/my/first/lockfile::path/to/my/first/lockfile%0A+---------+------------------+------+-----------------+---------------+%0A| PACKAGE | VULNERABILITY ID | CVSS | CURRENT VERSION | FIXED VERSION |%0A+---------+------------------+------+-----------------+---------------+%0A+---------+------------------+------+-----------------+---------------+::error file=path/to/my/second/lockfile::path/to/my/second/lockfile%0A+---------+------------------+------+-----------------+---------------+%0A| PACKAGE | VULNERABILITY ID | CVSS | CURRENT VERSION | FIXED VERSION |%0A+---------+------------------+------+-----------------+---------------+%0A+---------+------------------+------+-----------------+---------------+::error file=path/to/my/third/lockfile::path/to/my/third/lockfile%0A+---------+------------------+------+-----------------+---------------+%0A| PACKAGE | VULNERABILITY ID | CVSS | CURRENT VERSION | FIXED VERSION |%0A+---------+------------------+------+-----------------+---------------+%0A+---------+------------------+------+-----------------+---------------+
---

[TestPrintGHAnnotationReport_WithVulnerabilities/multiple_sources_with_a_mixed_count_of_packages,_some_vulnerabilities - 1]
::error file=path/to/my/first/lockfile::path/to/my/first/lockfile%0A+---------+-----------------------+------+-----------------+---------------+%0A| PACKAGE | VULNERABILITY ID      | CVSS | CURRENT VERSION | FIXED VERSION |%0A+---------+-----------------------+------+-----------------+---------------+%0A| mine1   | https://osv.dev/OSV-1 |      | 1.2.3           |               |%0A+---------+-----------------------+------+-----------------+---------------+::error file=path/to/my/second/lockfile::path/to/my/second/lockfile%0A+---------+-----------------------+------+-----------------+---------------+%0A| PACKAGE | VULNERABILITY ID      | CVSS | CURRENT VERSION | FIXED VERSION |%0A+---------+-----------------------+------+-----------------+---------------+%0A| mine2   | https://osv.dev/OSV-2 |      | 3.2.5           |               |%0A+---------+-----------------------+------+-----------------+---------------+::error file=path/to/my/third/lockfile::path/to/my/third/lockfile%0A+---------+-----------------------+------+-----------------+---------------+%0A| PACKAGE | VULNERABILITY ID      | CVSS | CURRENT VERSION | FIXED VERSION |%0A+---------+-----------------------+------+-----------------+---------------+%0A| mine1   | https://osv.dev/OSV-1 |      | 1.2.3           |               |%0A+---------+-----------------------+------+-----------------+---------------+
---

[TestPrintGHAnnotationReport_WithVulnerabilities/multiple_sources_with_a_mixed_count_of_packages_across_ecosystems,_and_multiple_vulnerabilities - 1]
::error file=path/to/my/first/lockfile::path/to/my/first/lockfile%0A+---------------+-----------------------+------+-----------------+---------------+%0A| PACKAGE       | VULNERABILITY ID      | CVSS | CURRENT VERSION | FIXED VERSION |%0A+---------------+-----------------------+------+-----------------+---------------+%0A| author1/mine1 | https://osv.dev/OSV-1 |      | 1.2.3           |               |%0A| author1/mine1 | https://osv.dev/OSV-5 |      | 1.2.3           |               |%0A| mine1         | https://osv.dev/OSV-1 |      | 1.2.2           |               |%0A+---------------+-----------------------+------+-----------------+---------------+::error file=path/to/my/second/lockfile::path/to/my/second/lockfile%0A+---------------+-----------------------+------+-----------------+---------------+%0A| PACKAGE       | VULNERABILITY ID      | CVSS | CURRENT VERSION | FIXED VERSION |%0A+---------------+-----------------------+------+-----------------+---------------+%0A| mine2         | https://osv.dev/OSV-2 |      | 3.2.5           |               |%0A| author3/mine3 | https://osv.dev/OSV-3 |      | 0.4.1           |               |%0A| author3/mine3 | https://osv.dev/OSV-5 |      | 0.4.1           |               |%0A+---------------+-----------------------+------+-----------------+---------------+
---

[TestPrintGHAnnotationReport_WithVulnerabilities/multiple_sources_with_a_mixed_count_of_packages_across_ecosystems,_and_multiple_vulnerabilities,_but_some_uncalled - 1]
::error file=path/to/my/first/lockfile::path/to/my/first/lockfile%0A+---------------+-----------------------+------+-----------------+---------------+%0A| PACKAGE       | VULNERABILITY ID      | CVSS | CURRENT VERSION | FIXED VERSION |%0A+---------------+-----------------------+------+-----------------+---------------+%0A| author1/mine1 | https://osv.dev/OSV-1 |      | 1.2.3           |               |%0A| author1/mine1 | https://osv.dev/OSV-5 |      | 1.2.3           |               |%0A| mine1         | https://osv.dev/OSV-1 |      | 1.2.2           |               |%0A+---------------+-----------------------+------+-----------------+---------------+::error file=path/to/my/second/lockfile::path/to/my/second/lockfile%0A+---------------+-----------------------+------+-----------------+---------------+%0A| PACKAGE       | VULNERABILITY ID      | CVSS | CURRENT VERSION | FIXED VERSION |%0A+---------------+-----------------------+------+-----------------+---------------+%0A| mine2         | https://osv.dev/OSV-2 |      | 3.2.5           |               |%0A| author3/mine3 | https://osv.dev/OSV-3 |      | 0.4.1           |               |%0A| author3/mine3 | https://osv.dev/OSV-5 |      | 0.4.1           |               |%0A+---------------+-----------------------+------+-----------------+---------------+
---

[TestPrintGHAnnotationReport_WithVulnerabilities/multiple_sources_with_no_packages - 1]
::error file=path/to/my/first/lockfile::path/to/my/first/lockfile%0A+---------+------------------+------+-----------------+---------------+%0A| PACKAGE | VULNERABILITY ID | CVSS | CURRENT VERSION | FIXED VERSION |%0A+---------+------------------+------+-----------------+---------------+%0A+---------+------------------+------+-----------------+---------------+::error file=path/to/my/second/lockfile::path/to/my/second/lockfile%0A+---------+------------------+------+-----------------+---------------+%0A| PACKAGE | VULNERABILITY ID | CVSS | CURRENT VERSION | FIXED VERSION |%0A+---------+------------------+------+-----------------+---------------+%0A+---------+------------------+------+-----------------+---------------+::error file=path/to/my/third/lockfile::path/to/my/third/lockfile%0A+---------+------------------+------+-----------------+---------------+%0A| PACKAGE | VULNERABILITY ID | CVSS | CURRENT VERSION | FIXED VERSION |%0A+---------+------------------+------+-----------------+---------------+%0A+---------+------------------+------+-----------------+---------------+
---

[TestPrintGHAnnotationReport_WithVulnerabilities/no_sources - 1]

---

[TestPrintGHAnnotationReport_WithVulnerabilities/one_source_with_no_packages - 1]
::error file=path/to/my/first/lockfile::path/to/my/first/lockfile%0A+---------+------------------+------+-----------------+---------------+%0A| PACKAGE | VULNERABILITY ID | CVSS | CURRENT VERSION | FIXED VERSION |%0A+---------+------------------+------+-----------------+---------------+%0A+---------+------------------+------+-----------------+---------------+
---

[TestPrintGHAnnotationReport_WithVulnerabilities/one_source_with_one_package,_no_vulnerabilities - 1]
::error file=path/to/my/first/lockfile::path/to/my/first/lockfile%0A+---------+------------------+------+-----------------+---------------+%0A| PACKAGE | VULNERABILITY ID | CVSS | CURRENT VERSION | FIXED VERSION |%0A+---------+------------------+------+-----------------+---------------+%0A+---------+------------------+------+-----------------+---------------+
---

[TestPrintGHAnnotationReport_WithVulnerabilities/one_source_with_one_package,_one_uncalled_vulnerability,_and_one_called_vulnerability - 1]
::error file=path/to/my/first/lockfile::path/to/my/first/lockfile%0A+---------+--------------------------+------+-----------------+---------------+%0A| PACKAGE | VULNERABILITY ID         | CVSS | CURRENT VERSION | FIXED VERSION |%0A+---------+--------------------------+------+-----------------+---------------+%0A| mine1   | https://osv.dev/OSV-1    |      | 1.2.3           |               |%0A| mine1   | https://osv.dev/GHSA-123 |      | 1.2.3           |               |%0A+---------+--------------------------+------+-----------------+---------------+
---

[TestPrintGHAnnotationReport_WithVulnerabilities/one_source_with_one_package_and_one_called_vulnerability - 1]
::error file=path/to/my/first/lockfile::path/to/my/first/lockfile%0A+---------+-----------------------+------+-----------------+---------------+%0A| PACKAGE | VULNERABILITY ID      | CVSS | CURRENT VERSION | FIXED VERSION |%0A+---------+-----------------------+------+-----------------+---------------+%0A| mine1   | https://osv.dev/OSV-1 |      | 1.2.3           |               |%0A+---------+-----------------------+------+-----------------+---------------+
---

[TestPrintGHAnnotationReport_WithVulnerabilities/one_source_with_one_package_and_one_uncalled_vulnerability - 1]
::error file=path/to/my/first/lockfile::path/to/my/first/lockfile%0A+---------+-----------------------+------+-----------------+---------------+%0A| PACKAGE | VULNERABILITY ID      | CVSS | CURRENT VERSION | FIXED VERSION |%0A+---------+-----------------------+------+-----------------+---------------+%0A| mine1   | https://osv.dev/OSV-1 |      | 1.2.3           |               |%0A+---------+-----------------------+------+-----------------+---------------+
---

[TestPrintGHAnnotationReport_WithVulnerabilities/one_source_with_one_package_and_one_vulnerability - 1]
::error file=path/to/my/first/lockfile::path/to/my/first/lockfile%0A+---------+-----------------------+------+-----------------+---------------+%0A| PACKAGE | VULNERABILITY ID      | CVSS | CURRENT VERSION | FIXED VERSION |%0A+---------+-----------------------+------+-----------------+---------------+%0A| mine1   | https://osv.dev/OSV-1 |      | 1.2.3           |               |%0A+---------+-----------------------+------+-----------------+---------------+
---

[TestPrintGHAnnotationReport_WithVulnerabilities/one_source_with_one_package_and_one_vulnerability_(dev) - 1]
::error file=path/to/my/first/lockfile::path/to/my/first/lockfile%0A+---------+-----------------------+------+-----------------+---------------+%0A| PACKAGE | VULNERABILITY ID      | CVSS | CURRENT VERSION | FIXED VERSION |%0A+---------+-----------------------+------+-----------------+---------------+%0A| mine1   | https://osv.dev/OSV-1 |      | 1.2.3           |               |%0A+---------+-----------------------+------+-----------------+---------------+
---

[TestPrintGHAnnotationReport_WithVulnerabilities/one_source_with_one_package_and_two_aliases_of_a_single_uncalled_vulnerability - 1]
::error file=path/to/my/first/lockfile::path/to/my/first/lockfile%0A+---------+--------------------------+------+-----------------+---------------+%0A| PACKAGE | VULNERABILITY ID         | CVSS | CURRENT VERSION | FIXED VERSION |%0A+---------+--------------------------+------+-----------------+---------------+%0A| mine1   | https://osv.dev/OSV-1    |      | 1.2.3           |               |%0A|         | https://osv.dev/GHSA-123 |      |                 |               |%0A+---------+--------------------------+------+-----------------+---------------+
---

[TestPrintGHAnnotationReport_WithVulnerabilities/one_source_with_one_package_and_two_aliases_of_a_single_vulnerability - 1]
::error file=path/to/my/first/lockfile::path/to/my/first/lockfile%0A+---------+--------------------------+------+-----------------+---------------+%0A| PACKAGE | VULNERABILITY ID         | CVSS | CURRENT VERSION | FIXED VERSION |%0A+---------+--------------------------+------+-----------------+---------------+%0A| mine1   | https://osv.dev/OSV-1    |      | 1.2.3           |               |%0A|         | https://osv.dev/GHSA-123 |      |                 |               |%0A+---------+--------------------------+------+-----------------+---------------+
---

[TestPrintGHAnnotationReport_WithVulnerabilities/one_source_with_vulnerabilities,_some_missing_content - 1]
::error file=path/to/my/first/lockfile::path/to/my/first/lockfile%0A+---------+-----------------------+------+-----------------+---------------+%0A| PACKAGE | VULNERABILITY ID      | CVSS | CURRENT VERSION | FIXED VERSION |%0A+---------+-----------------------+------+-----------------+---------------+%0A| mine1   | https://osv.dev/OSV-1 |      | 1.2.3           |               |%0A| mine3   | https://osv.dev/OSV-2 |      | 0.10.2-rc       |               |%0A+---------+-----------------------+------+-----------------+---------------+
---

[TestPrintGHAnnotationReport_WithVulnerabilities/two_sources_with_packages,_one_vulnerability - 1]
::error file=path/to/my/first/lockfile::path/to/my/first/lockfile%0A+---------+-----------------------+------+-----------------+---------------+%0A| PACKAGE | VULNERABILITY ID      | CVSS | CURRENT VERSION | FIXED VERSION |%0A+---------+-----------------------+------+-----------------+---------------+%0A| mine1   | https://osv.dev/OSV-1 |      | 1.2.3           |               |%0A+---------+-----------------------+------+-----------------+---------------+::error file=path/to/my/second/lockfile::path/to/my/second/lockfile%0A+---------+------------------+------+-----------------+---------------+%0A| PACKAGE | VULNERABILITY ID | CVSS | CURRENT VERSION | FIXED VERSION |%0A+---------+------------------+------+-----------------+---------------+%0A+---------+------------------+------+-----------------+---------------+
---

[TestPrintGHAnnotationReport_WithVulnerabilities/two_sources_with_the_same_vulnerable_package - 1]
::error file=path/to/my/first/lockfile::path/to/my/first/lockfile%0A+---------+-----------------------+------+-----------------+---------------+%0A| PACKAGE | VULNERABILITY ID      | CVSS | CURRENT VERSION | FIXED VERSION |%0A+---------+-----------------------+------+-----------------+---------------+%0A| mine1   | https://osv.dev/OSV-1 |      | 1.2.3           |               |%0A+---------+-----------------------+------+-----------------+---------------+::error file=path/to/my/second/lockfile::path/to/my/second/lockfile%0A+---------+-----------------------+------+-----------------+---------------+%0A| PACKAGE | VULNERABILITY ID      | CVSS | CURRENT VERSION | FIXED VERSION |%0A+---------+-----------------------+------+-----------------+---------------+%0A| mine1   | https://osv.dev/OSV-1 |      | 1.2.3           |               |%0A+---------+-----------------------+------+-----------------+---------------+
---
