
[TestCommand/errors_with_invalid_data_source - 1]

---

[TestCommand/errors_with_invalid_data_source - 2]
unsupported data-source "github" - must be one of: deps.dev, native

---

[TestCommand/errors_with_invalid_data_source - 3]
<?xml version="1.0" encoding="UTF-8"?>

<project xmlns="http://maven.apache.org/POM/4.0.0" xmlns:xsi="http://www.w3.org/2001/XMLSchema-instance"
  xsi:schemaLocation="http://maven.apache.org/POM/4.0.0 http://maven.apache.org/xsd/maven-4.0.0.xsd">
  <modelVersion>4.0.0</modelVersion>

  <groupId>com.mycompany.app</groupId>
  <artifactId>my-app</artifactId>
  <version>1.0.0</version>

  <name>my-app</name>
  <!-- FIXME change it to the project's website -->
  <url>http://www.example.com</url>

  <properties>
    <project.build.sourceEncoding>UTF-8</project.build.sourceEncoding>
    <maven.compiler.source>1.7</maven.compiler.source>
    <maven.compiler.target>1.7</maven.compiler.target>
    <junit.version>4.12</junit.version>
  </properties>

  <dependencies>
    <dependency>
      <groupId>com.fasterxml.jackson.core</groupId>
      <artifactId>jackson-core</artifactId>
      <version>2.14.0</version>
    </dependency>
    <dependency>
      <groupId>junit</groupId>
      <artifactId>junit</artifactId>
      <version>${junit.version}</version>
      <scope>test</scope>
    </dependency>
  </dependencies>

  <dependencyManagement>
    <dependencies>
      <dependency>
        <groupId>org.slf4j</groupId>
        <artifactId>slf4j-migrator</artifactId>
        <version>2.0.0</version>
      </dependency>
    </dependencies>
  </dependencyManagement>

  <profiles>
    <profile>
      <id>some-profile</id>
      <dependencies>
        <dependency>
          <groupId>org.apache.logging.log4j</groupId>
          <artifactId>log4j-api</artifactId>
          <version>2.0</version>
        </dependency>
      </dependencies>
    </profile>
  </profiles>

</project>

---

[TestCommand/file_does_not_exist - 1]

---

[TestCommand/file_does_not_exist - 2]
file not found: ./fixtures/does_not_exist.xml

---

[TestCommand/update_pom.xml_with_in-place_changes - 1]

---

[TestCommand/update_pom.xml_with_in-place_changes - 2]

---

[TestCommand/update_pom.xml_with_in-place_changes - 3]
<?xml version="1.0" encoding="UTF-8"?>

<project xmlns="http://maven.apache.org/POM/4.0.0" xmlns:xsi="http://www.w3.org/2001/XMLSchema-instance"
  xsi:schemaLocation="http://maven.apache.org/POM/4.0.0 http://maven.apache.org/xsd/maven-4.0.0.xsd">
  <modelVersion>4.0.0</modelVersion>

  <groupId>com.mycompany.app</groupId>
  <artifactId>my-app</artifactId>
  <version>1.0.0</version>

  <name>my-app</name>
  <!-- FIXME change it to the project's website -->
  <url>http://www.example.com</url>

  <properties>
    <project.build.sourceEncoding>UTF-8</project.build.sourceEncoding>
    <maven.compiler.source>1.7</maven.compiler.source>
    <maven.compiler.target>1.7</maven.compiler.target>
    <junit.version>4.13.2</junit.version>
  </properties>

  <dependencies>
    <dependency>
      <groupId>com.fasterxml.jackson.core</groupId>
      <artifactId>jackson-core</artifactId>
      <version>2.19.2</version>
    </dependency>
    <dependency>
      <groupId>junit</groupId>
      <artifactId>junit</artifactId>
      <version>${junit.version}</version>
      <scope>test</scope>
    </dependency>
  </dependencies>

  <dependencyManagement>
    <dependencies>
      <dependency>
        <groupId>org.slf4j</groupId>
        <artifactId>slf4j-migrator</artifactId>
        <version>2.1.0-alpha1</version>
      </dependency>
    </dependencies>
  </dependencyManagement>

  <profiles>
    <profile>
      <id>some-profile</id>
      <dependencies>
        <dependency>
          <groupId>org.apache.logging.log4j</groupId>
          <artifactId>log4j-api</artifactId>
          <version>3.0.0-beta2</version>
        </dependency>
      </dependencies>
    </profile>
  </profiles>

</project>

---

[TestCommand/update_pom_with_in_place_changes_using_deps_dev_data_source - 1]

---

[TestCommand/update_pom_with_in_place_changes_using_deps_dev_data_source - 2]

---

[TestCommand/update_pom_with_in_place_changes_using_deps_dev_data_source - 3]
<?xml version="1.0" encoding="UTF-8"?>

<project xmlns="http://maven.apache.org/POM/4.0.0" xmlns:xsi="http://www.w3.org/2001/XMLSchema-instance"
  xsi:schemaLocation="http://maven.apache.org/POM/4.0.0 http://maven.apache.org/xsd/maven-4.0.0.xsd">
  <modelVersion>4.0.0</modelVersion>

  <groupId>com.mycompany.app</groupId>
  <artifactId>my-app</artifactId>
  <version>1.0.0</version>

  <name>my-app</name>
  <!-- FIXME change it to the project's website -->
  <url>http://www.example.com</url>

  <properties>
    <project.build.sourceEncoding>UTF-8</project.build.sourceEncoding>
    <maven.compiler.source>1.7</maven.compiler.source>
    <maven.compiler.target>1.7</maven.compiler.target>
    <junit.version>4.13.2</junit.version>
  </properties>

  <dependencies>
    <dependency>
      <groupId>com.fasterxml.jackson.core</groupId>
      <artifactId>jackson-core</artifactId>
      <version>2.19.2</version>
    </dependency>
    <dependency>
      <groupId>junit</groupId>
      <artifactId>junit</artifactId>
      <version>${junit.version}</version>
      <scope>test</scope>
    </dependency>
  </dependencies>

  <dependencyManagement>
    <dependencies>
      <dependency>
        <groupId>org.slf4j</groupId>
        <artifactId>slf4j-migrator</artifactId>
        <version>2.1.0-alpha1</version>
      </dependency>
    </dependencies>
  </dependencyManagement>

  <profiles>
    <profile>
      <id>some-profile</id>
      <dependencies>
        <dependency>
          <groupId>org.apache.logging.log4j</groupId>
          <artifactId>log4j-api</artifactId>
          <version>3.0.0-beta2</version>
        </dependency>
      </dependencies>
    </profile>
  </profiles>

</project>

---

[TestCommand/update_pom_with_in_place_changes_using_native_data_source - 1]

---

[TestCommand/update_pom_with_in_place_changes_using_native_data_source - 2]

---

[TestCommand/update_pom_with_in_place_changes_using_native_data_source - 3]
<?xml version="1.0" encoding="UTF-8"?>

<project xmlns="http://maven.apache.org/POM/4.0.0" xmlns:xsi="http://www.w3.org/2001/XMLSchema-instance"
  xsi:schemaLocation="http://maven.apache.org/POM/4.0.0 http://maven.apache.org/xsd/maven-4.0.0.xsd">
  <modelVersion>4.0.0</modelVersion>

  <groupId>com.mycompany.app</groupId>
  <artifactId>my-app</artifactId>
  <version>1.0.0</version>

  <name>my-app</name>
  <!-- FIXME change it to the project's website -->
  <url>http://www.example.com</url>

  <properties>
    <project.build.sourceEncoding>UTF-8</project.build.sourceEncoding>
    <maven.compiler.source>1.7</maven.compiler.source>
    <maven.compiler.target>1.7</maven.compiler.target>
    <junit.version>4.13.2</junit.version>
  </properties>

  <dependencies>
    <dependency>
      <groupId>com.fasterxml.jackson.core</groupId>
      <artifactId>jackson-core</artifactId>
      <version>2.19.2</version>
    </dependency>
    <dependency>
      <groupId>junit</groupId>
      <artifactId>junit</artifactId>
      <version>${junit.version}</version>
      <scope>test</scope>
    </dependency>
  </dependencies>

  <dependencyManagement>
    <dependencies>
      <dependency>
        <groupId>org.slf4j</groupId>
        <artifactId>slf4j-migrator</artifactId>
        <version>2.1.0-alpha1</version>
      </dependency>
    </dependencies>
  </dependencyManagement>

  <profiles>
    <profile>
      <id>some-profile</id>
      <dependencies>
        <dependency>
          <groupId>org.apache.logging.log4j</groupId>
          <artifactId>log4j-api</artifactId>
          <version>3.0.0-beta2</version>
        </dependency>
      </dependencies>
    </profile>
  </profiles>

</project>

---
