
[Test_insertDefaultCommand - 1]

---

[Test_insertDefaultCommand - 2]

---

[Test_insertDefaultCommand - 3]

---

[Test_insertDefaultCommand - 4]

---

[Test_insertDefaultCommand - 5]

---

[Test_insertDefaultCommand - 6]
Warning: `helpers.go` exists as both a subcommand of OSV-Scanner and as a file on the filesystem. `helpers.go` is assumed to be a subcommand here. If you intended for `helpers.go` to be an argument to `default`, you must specify `default helpers.go` in your command line.

---

[Test_insertDefaultCommand - 7]

---

[Test_insertDefaultCommand - 8]

---

[Test_insertDefaultCommand - 9]

---

[Test_insertDefaultCommand - 10]

---

[Test_insertDefaultCommand - 11]

---

[Test_insertDefaultCommand - 12]

---

[Test_insertDefaultCommand - 13]

---

[Test_insertDefaultCommand - 14]

---

[Test_insertDefaultCommand - 15]

---

[Test_insertDefaultCommand - 16]

---
